1..3
ok 1
ok 2
not ok 3

#   Failed test at examples/perl/tests/t10.pl line 12.
# Looks like you failed 1 test of 3.
